GHK-Model-II-xi1 2 2 n 1 E -3.469446951953981e-17 gap 0.49999999999999956 c 2.322786802605138e-10 dim 4
GHK-Model-II-xi1 2 2 n 2 E -1.609606489058959e-17 gap 0.1643192008625567 c 1.273217681881768e-10 dim 12
  ratio 1 1.0 defect 0.0
  ratio 2 0.41110671902403456 defect -1.8238313882584157e-10
GHK-Model-II-xi1 2 3 n 1 E -1.5959455978986625e-16 gap 0.4999999999999995 c 2.904374542127684e-10 dim 6
GHK-Model-II-xi1 2 3 n 2 E 6.638161075542915e-17 gap 0.1973016327039267 c -7.14619439779965e-11 dim 39
GHK-Model-II-xi1 2 3 n 3 E -6.030918105134292e-17 gap 0.1973016327039267 c 4.3935050274676887e-10 dim 68
  ratio 1 1.0 defect 0.0
  ratio 2 -0.15378083762408998 defect -5.36161870718426e-10
  ratio 3 0.8403999177677797 defect -8.343691483621424e-11
GHK-Model-II-xi1 3 3 n 1 E 3.4006963755765564e-18 gap 0.4999999999999998 c 0.5000000001734359 dim 9
GHK-Model-II-xi1 3 3 n 2 E -8.406219304070384e-17 gap 0.22644952758505665 c 0.8750000000423537 dim 144
GHK-Model-II-xi1 3 3 n 3 E 1.0048486722629217e-15 gap 0.22644952758505632 c 1.1249999995456774 dim 792
  ratio 1 1.0 defect 0.0
  ratio 2 0.9999999997015323 defect -2.611592053725076e-10
  ratio 3 0.9999999992492857 defect -8.445535382151093e-10
GHK-Model-II-xi2 2 2 n 1 E 2.7755575615628914e-17 gap 0.4999999999999998 c -5.614168684060867e-11 dim 4
GHK-Model-II-xi2 2 2 n 2 E 8.97006595278793e-17 gap 0.09383463953450982 c 2.142790359571637e-10 dim 12
  ratio 1 1.0 defect 0.0
  ratio 2 -2.8625658759442154 defect 2.8913461841130856e-10
GHK-Model-II-xi2 2 3 n 1 E 1.249000902703301e-16 gap 0.49999999999999917 c -7.036472214749609e-12 dim 6
GHK-Model-II-xi2 2 3 n 2 E 2.1044036418026042e-16 gap 0.1348648374320197 c -1.3660471436283403e-10 dim 39
GHK-Model-II-xi2 2 3 n 3 E 3.297109612537909e-16 gap 0.13486483743201988 c -2.899205249003947e-10 dim 68
  ratio 1 1.0 defect 0.0
  ratio 2 12.133629448263147 defect -1.2534635881923465e-10
  ratio 3 22.890299764187812 defect -2.772548749138454e-10
GHK-Model-II-xi2 3 3 n 1 E 1.458476730370367e-16 gap 0.49999999999999895 c 1.9999999999349882 dim 9
GHK-Model-II-xi2 3 3 n 2 E -2.364007216644974e-17 gap 0.24990717895295425 c 3.4999999997573488 dim 144
GHK-Model-II-xi2 3 3 n 3 E 7.181179086417093e-16 gap 0.24990717895295414 c 4.499999999895954 dim 792
  ratio 1 1.0 defect 0.0
  ratio 2 0.999999999963177 defect -1.2888046185821622e-10
  ratio 3 1.0000000000093847 defect 4.2231107499901555e-11
GHK-Model-I 2 2 n 1 E 1.1102230246251565e-16 gap 0.25 c 0.1249999998573121 dim 4
GHK-Model-I 2 2 n 2 E -5.2998073355940275e-17 gap 0.25 c 0.1666666667116543 dim 12
  ratio 1 1.0 defect 0.0
  ratio 2 1.0000000014114292 defect 2.352381900383449e-10
GHK-Model-I 2 3 n 1 E -5.551115339154862e-17 gap 0.2885475131753089 c 0.1439374939255789 dim 6
GHK-Model-I 2 3 n 2 E -6.019689093027611e-17 gap 0.2419336185600494 c 0.23029999026320488 dim 39
GHK-Model-I 2 3 n 3 E -1.0519882412689717e-16 gap 0.19334919964663885 c 0.25908748894940115 dim 68
  ratio 1 1.0 defect 0.0
  ratio 2 0.999999999923051 defect -1.7721352163491133e-11
  ratio 3 0.9999999995498012 defect -1.1664086363438742e-10
GHK-Model-I 3 3 n 1 E 3.376898165342303e-17 gap 0.3461538461538458 c 0.3365680472396647 dim 9
GHK-Model-I 3 3 n 2 E 5.750132810312387e-17 gap 0.2827402231665068 c 0.5889940828826208 dim 144
GHK-Model-I 3 3 n 3 E -2.4443614673846966e-16 gap 0.2827402231665068 c 0.7572781065391567 dim 792
  ratio 1 1.0 defect 0.0
  ratio 2 1.000000000361986 defect 2.1320756271592245e-10
  ratio 3 1.0000000003300122 defect 2.499110918208203e-10
